2025-11-26 00:01:35.938  INFO 8160 --- [main] com.main.yt.YtUploadApplication          : Starting YtUploadApplication using Java 11.0.22 on Avinash-AsusBook with PID 8160 (D:\Workspace\IntilliJ\yt-upload\yt-upload\target\classes started by Virtual in D:\Workspace\IntilliJ\yt-upload\yt-upload)
2025-11-26 00:01:35.978  INFO 8160 --- [main] com.main.yt.YtUploadApplication          : No active profile set, falling back to 1 default profile: "default"
2025-11-26 00:01:39.255  INFO 8160 --- [main] com.main.yt.YtUploadApplication          : Started YtUploadApplication in 5.179 seconds (JVM running for 8.35)
2025-11-26 00:01:39.252  INFO 8160 --- [scheduling-1] com.main.yt.YtUploadApplication          : === Starting Drive -> YouTube Upload Task ===
2025-11-26 00:01:39.267  INFO 8160 --- [main] com.main.yt.YtUploadApplication          : === Starting Drive -> YouTube Upload Task ===
2025-11-26 00:01:41.319  INFO 8160 --- [scheduling-1] com.main.yt.YtUploadApplication          : Google credentials initialized.
2025-11-26 00:01:41.324  INFO 8160 --- [main] com.main.yt.YtUploadApplication          : Google credentials initialized.
2025-11-26 00:01:41.831  INFO 8160 --- [main] com.main.yt.YtUploadApplication          : Selected file: 4.mp4
2025-11-26 00:01:43.510  INFO 8160 --- [scheduling-1] com.main.yt.YtUploadApplication          : Selected file: 4.mp4
2025-11-26 00:01:43.926  INFO 8160 --- [main] com.main.yt.YtUploadApplication          : Downloaded file to D:\Workspace\IntilliJ\yt-upload\yt-upload\downloads\4.mp4
2025-11-26 00:01:44.698  INFO 8160 --- [main] com.main.yt.YtUploadApplication          : Moved file to posted folder in Drive.
2025-11-26 00:01:44.853  INFO 8160 --- [main] com.main.yt.YtUploadApplication          : Upload state: INITIATION_STARTED progress: 0.0
2025-11-26 00:01:46.492  INFO 8160 --- [main] com.main.yt.YtUploadApplication          : Upload state: INITIATION_COMPLETE progress: 0.0
2025-11-26 00:01:48.859  INFO 8160 --- [main] com.main.yt.YtUploadApplication          : Upload state: MEDIA_COMPLETE progress: 1.0
2025-11-26 00:01:48.859  INFO 8160 --- [main] com.main.yt.YtUploadApplication          : Upload completed! Video ID: mKiJsKwBvbc
2025-11-26 00:01:48.859  WARN 8160 --- [main] com.main.yt.YtUploadApplication          : Failed to delete local file: D:\Workspace\IntilliJ\yt-upload\yt-upload\downloads\4.mp4
2025-11-26 00:01:48.859  INFO 8160 --- [main] com.main.yt.YtUploadApplication          : === Task Completed ===
2025-11-26 00:01:48.933  INFO 8160 --- [main] com.main.yt.YtUploadApplication          : Starting YtUploadApplication using Java 11.0.22 on Avinash-AsusBook with PID 8160 (D:\Workspace\IntilliJ\yt-upload\yt-upload\target\classes started by Virtual in D:\Workspace\IntilliJ\yt-upload\yt-upload)
2025-11-26 00:01:48.934  INFO 8160 --- [main] com.main.yt.YtUploadApplication          : No active profile set, falling back to 1 default profile: "default"
2025-11-26 00:01:49.508  INFO 8160 --- [main] com.main.yt.YtUploadApplication          : Started YtUploadApplication in 0.635 seconds (JVM running for 18.603)
2025-11-26 00:01:49.519  INFO 8160 --- [scheduling-1] com.main.yt.YtUploadApplication          : === Starting Drive -> YouTube Upload Task ===
2025-11-26 00:01:49.808  INFO 8160 --- [scheduling-1] com.main.yt.YtUploadApplication          : Google credentials initialized.
2025-11-26 00:01:50.155  INFO 8160 --- [scheduling-1] com.main.yt.YtUploadApplication          : No files found in content folder. Exiting...
2025-11-26 00:01:51.757  INFO 8160 --- [scheduling-1] com.main.yt.YtUploadApplication          : Downloaded file to D:\Workspace\IntilliJ\yt-upload\yt-upload\downloads\4.mp4
2025-11-26 00:01:52.341  INFO 8160 --- [scheduling-1] com.main.yt.YtUploadApplication          : Moved file to posted folder in Drive.
2025-11-26 00:01:52.357  INFO 8160 --- [scheduling-1] com.main.yt.YtUploadApplication          : Upload state: INITIATION_STARTED progress: 0.0
2025-11-26 00:01:53.989  INFO 8160 --- [scheduling-1] com.main.yt.YtUploadApplication          : Upload state: INITIATION_COMPLETE progress: 0.0
2025-11-26 00:01:57.366  INFO 8160 --- [scheduling-1] com.main.yt.YtUploadApplication          : Upload state: MEDIA_COMPLETE progress: 1.0
2025-11-26 00:01:57.373  INFO 8160 --- [scheduling-1] com.main.yt.YtUploadApplication          : Upload completed! Video ID: Hx35hWRrDxc
2025-11-26 00:01:57.380  INFO 8160 --- [scheduling-1] com.main.yt.YtUploadApplication          : Deleted local file: D:\Workspace\IntilliJ\yt-upload\yt-upload\downloads\4.mp4
2025-11-26 00:01:57.380  INFO 8160 --- [scheduling-1] com.main.yt.YtUploadApplication          : === Task Completed ===
2025-11-26 00:03:39.256  INFO 8160 --- [scheduling-1] com.main.yt.YtUploadApplication          : === Starting Drive -> YouTube Upload Task ===
2025-11-26 00:03:39.552  INFO 8160 --- [scheduling-1] com.main.yt.YtUploadApplication          : Google credentials initialized.
2025-11-26 00:03:39.983  INFO 8160 --- [scheduling-1] com.main.yt.YtUploadApplication          : No files found in content folder. Exiting...
2025-11-26 00:03:49.514  INFO 8160 --- [scheduling-1] com.main.yt.YtUploadApplication          : === Starting Drive -> YouTube Upload Task ===
2025-11-26 00:03:49.805  INFO 8160 --- [scheduling-1] com.main.yt.YtUploadApplication          : Google credentials initialized.
2025-11-26 00:03:50.195  INFO 8160 --- [scheduling-1] com.main.yt.YtUploadApplication          : No files found in content folder. Exiting...
2025-11-26 00:05:39.243  INFO 8160 --- [scheduling-1] com.main.yt.YtUploadApplication          : === Starting Drive -> YouTube Upload Task ===
2025-11-26 00:05:39.551  INFO 8160 --- [scheduling-1] com.main.yt.YtUploadApplication          : Google credentials initialized.
2025-11-26 00:05:39.952  INFO 8160 --- [scheduling-1] com.main.yt.YtUploadApplication          : No files found in content folder. Exiting...
2025-11-26 00:05:49.510  INFO 8160 --- [scheduling-1] com.main.yt.YtUploadApplication          : === Starting Drive -> YouTube Upload Task ===
2025-11-26 00:05:49.779  INFO 8160 --- [scheduling-1] com.main.yt.YtUploadApplication          : Google credentials initialized.
2025-11-26 00:05:50.223  INFO 8160 --- [scheduling-1] com.main.yt.YtUploadApplication          : No files found in content folder. Exiting...
2025-11-26 00:07:39.254  INFO 8160 --- [scheduling-1] com.main.yt.YtUploadApplication          : === Starting Drive -> YouTube Upload Task ===
2025-11-26 00:07:39.562  INFO 8160 --- [scheduling-1] com.main.yt.YtUploadApplication          : Google credentials initialized.
2025-11-26 00:07:40.001  INFO 8160 --- [scheduling-1] com.main.yt.YtUploadApplication          : No files found in content folder. Exiting...
2025-11-26 00:07:49.511  INFO 8160 --- [scheduling-1] com.main.yt.YtUploadApplication          : === Starting Drive -> YouTube Upload Task ===
2025-11-26 00:07:49.784  INFO 8160 --- [scheduling-1] com.main.yt.YtUploadApplication          : Google credentials initialized.
2025-11-26 00:07:50.237  INFO 8160 --- [scheduling-1] com.main.yt.YtUploadApplication          : No files found in content folder. Exiting...
2025-11-26 00:19:58.751  INFO 8080 --- [main] com.main.yt.YtUploadApplicationTests     : Starting YtUploadApplicationTests using Java 11.0.22 on Avinash-AsusBook with PID 8080 (started by Virtual in D:\Workspace\IntilliJ\git\Yt-upload)
2025-11-26 00:19:58.765  INFO 8080 --- [main] com.main.yt.YtUploadApplicationTests     : No active profile set, falling back to 1 default profile: "default"
2025-11-26 00:19:58.764  INFO 12352 --- [main] com.main.yt.YtUploadApplicationTests     : Starting YtUploadApplicationTests using Java 11.0.22 on Avinash-AsusBook with PID 12352 (started by Virtual in D:\Workspace\IntilliJ\git\Yt-upload)
2025-11-26 00:19:58.779  INFO 12352 --- [main] com.main.yt.YtUploadApplicationTests     : No active profile set, falling back to 1 default profile: "default"
2025-11-26 00:20:07.471  INFO 8080 --- [main] com.main.yt.YtUploadApplicationTests     : Started YtUploadApplicationTests in 12.325 seconds (JVM running for 23.093)
2025-11-26 00:20:07.472  INFO 12352 --- [main] com.main.yt.YtUploadApplicationTests     : Started YtUploadApplicationTests in 12.332 seconds (JVM running for 23.095)
2025-11-26 00:22:51.062  INFO 16396 --- [main] com.main.yt.YtUploadApplicationTests     : Starting YtUploadApplicationTests using Java 11.0.22 on Avinash-AsusBook with PID 16396 (started by Virtual in D:\Workspace\IntilliJ\git\Yt-upload)
2025-11-26 00:22:51.469  INFO 16396 --- [main] com.main.yt.YtUploadApplicationTests     : No active profile set, falling back to 1 default profile: "default"
2025-11-26 00:22:53.904  INFO 16396 --- [main] com.main.yt.YtUploadApplicationTests     : Started YtUploadApplicationTests in 5.119 seconds (JVM running for 8.739)
